D:\Document\EE\MCU\MSPM0\MSPM0-DevKit\GPIO\Driver\ti\driverlib\dl_flashctl.c:62:43:DL_FlashCTL_executeCommandFromRAM	0	static
D:\Document\EE\MCU\MSPM0\MSPM0-DevKit\GPIO\Driver\ti\driverlib\dl_flashctl.c:273:13:DL_FlashCTL_programMemoryConfig	8	static
D:\Document\EE\MCU\MSPM0\MSPM0-DevKit\GPIO\Driver\ti\driverlib\dl_flashctl.c:285:13:DL_FlashCTL_programMemory8Config	16	static
D:\Document\EE\MCU\MSPM0\MSPM0-DevKit\GPIO\Driver\ti\driverlib\dl_flashctl.c:294:13:DL_FlashCTL_programMemory16Config	16	static
D:\Document\EE\MCU\MSPM0\MSPM0-DevKit\GPIO\Driver\ti\driverlib\dl_flashctl.c:303:13:DL_FlashCTL_programMemory32Config	16	static
D:\Document\EE\MCU\MSPM0\MSPM0-DevKit\GPIO\Driver\ti\driverlib\dl_flashctl.c:312:13:DL_FlashCTL_programMemory64Config	16	static
D:\Document\EE\MCU\MSPM0\MSPM0-DevKit\GPIO\Driver\ti\driverlib\dl_flashctl.c:1021:13:DL_FlashCTL_readVerifyConfig	8	static
D:\Document\EE\MCU\MSPM0\MSPM0-DevKit\GPIO\Driver\ti\driverlib\dl_flashctl.c:1033:13:DL_FlashCTL_readVerify8Config	16	static
D:\Document\EE\MCU\MSPM0\MSPM0-DevKit\GPIO\Driver\ti\driverlib\dl_flashctl.c:1041:13:DL_FlashCTL_readVerify16Config	16	static
D:\Document\EE\MCU\MSPM0\MSPM0-DevKit\GPIO\Driver\ti\driverlib\dl_flashctl.c:1049:13:DL_FlashCTL_readVerify32Config	16	static
D:\Document\EE\MCU\MSPM0\MSPM0-DevKit\GPIO\Driver\ti\driverlib\dl_flashctl.c:1057:13:DL_FlashCTL_readVerify64Config	16	static
D:\Document\EE\MCU\MSPM0\MSPM0-DevKit\GPIO\Driver\ti\driverlib\dl_flashctl.c:93:6:DL_FlashCTL_eraseMemory	0	static
D:\Document\EE\MCU\MSPM0\MSPM0-DevKit\GPIO\Driver\ti\driverlib\dl_flashctl.c:107:28:DL_FlashCTL_eraseMemoryFromRAM	8	static
D:\Document\EE\MCU\MSPM0\MSPM0-DevKit\GPIO\Driver\ti\driverlib\dl_flashctl.c:322:6:DL_FlashCTL_programMemory8	8	static
D:\Document\EE\MCU\MSPM0\MSPM0-DevKit\GPIO\Driver\ti\driverlib\dl_flashctl.c:333:28:DL_FlashCTL_programMemoryFromRAM8	8	static
D:\Document\EE\MCU\MSPM0\MSPM0-DevKit\GPIO\Driver\ti\driverlib\dl_flashctl.c:343:6:DL_FlashCTL_programMemory16	8	static
D:\Document\EE\MCU\MSPM0\MSPM0-DevKit\GPIO\Driver\ti\driverlib\dl_flashctl.c:354:28:DL_FlashCTL_programMemoryFromRAM16	8	static
D:\Document\EE\MCU\MSPM0\MSPM0-DevKit\GPIO\Driver\ti\driverlib\dl_flashctl.c:365:6:DL_FlashCTL_programMemory32	8	static
D:\Document\EE\MCU\MSPM0\MSPM0-DevKit\GPIO\Driver\ti\driverlib\dl_flashctl.c:376:28:DL_FlashCTL_programMemoryFromRAM32	8	static
D:\Document\EE\MCU\MSPM0\MSPM0-DevKit\GPIO\Driver\ti\driverlib\dl_flashctl.c:387:6:DL_FlashCTL_programMemory64	8	static
D:\Document\EE\MCU\MSPM0\MSPM0-DevKit\GPIO\Driver\ti\driverlib\dl_flashctl.c:398:28:DL_FlashCTL_programMemoryFromRAM64	8	static
D:\Document\EE\MCU\MSPM0\MSPM0-DevKit\GPIO\Driver\ti\driverlib\dl_flashctl.c:409:6:DL_FlashCTL_programMemory8WithECCGenerated	8	static
D:\Document\EE\MCU\MSPM0\MSPM0-DevKit\GPIO\Driver\ti\driverlib\dl_flashctl.c:420:28:DL_FlashCTL_programMemoryFromRAM8WithECCGenerated	8	static
D:\Document\EE\MCU\MSPM0\MSPM0-DevKit\GPIO\Driver\ti\driverlib\dl_flashctl.c:431:6:DL_FlashCTL_programMemory16WithECCGenerated	8	static
D:\Document\EE\MCU\MSPM0\MSPM0-DevKit\GPIO\Driver\ti\driverlib\dl_flashctl.c:442:28:DL_FlashCTL_programMemoryFromRAM16WithECCGenerated	8	static
D:\Document\EE\MCU\MSPM0\MSPM0-DevKit\GPIO\Driver\ti\driverlib\dl_flashctl.c:453:6:DL_FlashCTL_programMemory32WithECCGenerated	8	static
D:\Document\EE\MCU\MSPM0\MSPM0-DevKit\GPIO\Driver\ti\driverlib\dl_flashctl.c:463:28:DL_FlashCTL_programMemoryFromRAM32WithECCGenerated	8	static
D:\Document\EE\MCU\MSPM0\MSPM0-DevKit\GPIO\Driver\ti\driverlib\dl_flashctl.c:473:6:DL_FlashCTL_programMemory64WithECCGenerated	8	static
D:\Document\EE\MCU\MSPM0\MSPM0-DevKit\GPIO\Driver\ti\driverlib\dl_flashctl.c:484:28:DL_FlashCTL_programMemoryFromRAM64WithECCGenerated	8	static
D:\Document\EE\MCU\MSPM0\MSPM0-DevKit\GPIO\Driver\ti\driverlib\dl_flashctl.c:495:6:DL_FlashCTL_programMemory8WithECCManual	16	static
D:\Document\EE\MCU\MSPM0\MSPM0-DevKit\GPIO\Driver\ti\driverlib\dl_flashctl.c:508:28:DL_FlashCTL_programMemoryFromRAM8WithECCManual	16	static
D:\Document\EE\MCU\MSPM0\MSPM0-DevKit\GPIO\Driver\ti\driverlib\dl_flashctl.c:521:6:DL_FlashCTL_programMemory16WithECCManual	16	static
D:\Document\EE\MCU\MSPM0\MSPM0-DevKit\GPIO\Driver\ti\driverlib\dl_flashctl.c:534:28:DL_FlashCTL_programMemoryFromRAM16WithECCManual	16	static
D:\Document\EE\MCU\MSPM0\MSPM0-DevKit\GPIO\Driver\ti\driverlib\dl_flashctl.c:548:6:DL_FlashCTL_programMemory32WithECCManual	16	static
D:\Document\EE\MCU\MSPM0\MSPM0-DevKit\GPIO\Driver\ti\driverlib\dl_flashctl.c:561:28:DL_FlashCTL_programMemoryFromRAM32WithECCManual	16	static
D:\Document\EE\MCU\MSPM0\MSPM0-DevKit\GPIO\Driver\ti\driverlib\dl_flashctl.c:575:6:DL_FlashCTL_programMemory64WithECCManual	16	static
D:\Document\EE\MCU\MSPM0\MSPM0-DevKit\GPIO\Driver\ti\driverlib\dl_flashctl.c:588:28:DL_FlashCTL_programMemoryFromRAM64WithECCManual	16	static
D:\Document\EE\MCU\MSPM0\MSPM0-DevKit\GPIO\Driver\ti\driverlib\dl_flashctl.c:789:6:DL_FlashCTL_unprotectMainMemory	0	static
D:\Document\EE\MCU\MSPM0\MSPM0-DevKit\GPIO\Driver\ti\driverlib\dl_flashctl.c:796:6:DL_FlashCTL_unprotectDataMemory	0	static
D:\Document\EE\MCU\MSPM0\MSPM0-DevKit\GPIO\Driver\ti\driverlib\dl_flashctl.c:803:6:DL_FlashCTL_protectMainMemory	0	static
D:\Document\EE\MCU\MSPM0\MSPM0-DevKit\GPIO\Driver\ti\driverlib\dl_flashctl.c:810:6:DL_FlashCTL_unprotectNonMainMemory	0	static
D:\Document\EE\MCU\MSPM0\MSPM0-DevKit\GPIO\Driver\ti\driverlib\dl_flashctl.c:815:6:DL_FlashCTL_protectNonMainMemory	0	static
D:\Document\EE\MCU\MSPM0\MSPM0-DevKit\GPIO\Driver\ti\driverlib\dl_flashctl.c:820:6:DL_FlashCTL_unprotectAllMemory	0	static
D:\Document\EE\MCU\MSPM0\MSPM0-DevKit\GPIO\Driver\ti\driverlib\dl_flashctl.c:830:6:DL_FlashCTL_protectAllMemory	0	static
D:\Document\EE\MCU\MSPM0\MSPM0-DevKit\GPIO\Driver\ti\driverlib\dl_flashctl.c:864:6:DL_FlashCTL_unprotectSector	48	static
D:\Document\EE\MCU\MSPM0\MSPM0-DevKit\GPIO\Driver\ti\driverlib\dl_flashctl.c:602:6:DL_FlashCTL_programMemoryBlocking64WithECCGenerated	24	static
D:\Document\EE\MCU\MSPM0\MSPM0-DevKit\GPIO\Driver\ti\driverlib\dl_flashctl.c:630:1:DL_FlashCTL_programMemoryBlockingFromRAM64WithECCGenerated	24	static
D:\Document\EE\MCU\MSPM0\MSPM0-DevKit\GPIO\Driver\ti\driverlib\dl_flashctl.c:657:6:DL_FlashCTL_programMemoryBlocking64WithECCManual	32	static
D:\Document\EE\MCU\MSPM0\MSPM0-DevKit\GPIO\Driver\ti\driverlib\dl_flashctl.c:687:1:DL_FlashCTL_programMemoryBlockingFromRAM64WithECCManual	32	static
D:\Document\EE\MCU\MSPM0\MSPM0-DevKit\GPIO\Driver\ti\driverlib\dl_flashctl.c:716:6:DL_FlashCTL_programMemoryBlocking	24	static
D:\Document\EE\MCU\MSPM0\MSPM0-DevKit\GPIO\Driver\ti\driverlib\dl_flashctl.c:752:28:DL_FlashCTL_programMemoryFromRAM	24	static
D:\Document\EE\MCU\MSPM0\MSPM0-DevKit\GPIO\Driver\ti\driverlib\dl_flashctl.c:954:6:DL_FlashCTL_protectSector	48	static
D:\Document\EE\MCU\MSPM0\MSPM0-DevKit\GPIO\Driver\ti\driverlib\dl_flashctl.c:1067:6:DL_FlashCTL_readVerify8	8	static
D:\Document\EE\MCU\MSPM0\MSPM0-DevKit\GPIO\Driver\ti\driverlib\dl_flashctl.c:1085:6:DL_FlashCTL_readVerify16	8	static
D:\Document\EE\MCU\MSPM0\MSPM0-DevKit\GPIO\Driver\ti\driverlib\dl_flashctl.c:1103:6:DL_FlashCTL_readVerify32	8	static
D:\Document\EE\MCU\MSPM0\MSPM0-DevKit\GPIO\Driver\ti\driverlib\dl_flashctl.c:1121:6:DL_FlashCTL_readVerify64	8	static
D:\Document\EE\MCU\MSPM0\MSPM0-DevKit\GPIO\Driver\ti\driverlib\dl_flashctl.c:1140:28:DL_FlashCTL_readVerifyFromRAM8	8	static
D:\Document\EE\MCU\MSPM0\MSPM0-DevKit\GPIO\Driver\ti\driverlib\dl_flashctl.c:1150:28:DL_FlashCTL_readVerifyFromRAM16	8	static
D:\Document\EE\MCU\MSPM0\MSPM0-DevKit\GPIO\Driver\ti\driverlib\dl_flashctl.c:1160:28:DL_FlashCTL_readVerifyFromRAM32	8	static
D:\Document\EE\MCU\MSPM0\MSPM0-DevKit\GPIO\Driver\ti\driverlib\dl_flashctl.c:1170:28:DL_FlashCTL_readVerifyFromRAM64	8	static
D:\Document\EE\MCU\MSPM0\MSPM0-DevKit\GPIO\Driver\ti\driverlib\dl_flashctl.c:1180:28:DL_FlashCTL_readVerifyFromRAM8WithECCGenerated	8	static
D:\Document\EE\MCU\MSPM0\MSPM0-DevKit\GPIO\Driver\ti\driverlib\dl_flashctl.c:1190:28:DL_FlashCTL_readVerifyFromRAM16WithECCGenerated	8	static
D:\Document\EE\MCU\MSPM0\MSPM0-DevKit\GPIO\Driver\ti\driverlib\dl_flashctl.c:1200:28:DL_FlashCTL_readVerifyFromRAM32WithECCGenerated	8	static
D:\Document\EE\MCU\MSPM0\MSPM0-DevKit\GPIO\Driver\ti\driverlib\dl_flashctl.c:1210:28:DL_FlashCTL_readVerifyFromRAM64WithECCGenerated	8	static
D:\Document\EE\MCU\MSPM0\MSPM0-DevKit\GPIO\Driver\ti\driverlib\dl_flashctl.c:1220:28:DL_FlashCTL_readVerifyFromRAM8WithECCManual	16	static
D:\Document\EE\MCU\MSPM0\MSPM0-DevKit\GPIO\Driver\ti\driverlib\dl_flashctl.c:1232:28:DL_FlashCTL_readVerifyFromRAM16WithECCManual	16	static
D:\Document\EE\MCU\MSPM0\MSPM0-DevKit\GPIO\Driver\ti\driverlib\dl_flashctl.c:1245:28:DL_FlashCTL_readVerifyFromRAM32WithECCManual	16	static
D:\Document\EE\MCU\MSPM0\MSPM0-DevKit\GPIO\Driver\ti\driverlib\dl_flashctl.c:1258:28:DL_FlashCTL_readVerifyFromRAM64WithECCManual	16	static
D:\Document\EE\MCU\MSPM0\MSPM0-DevKit\GPIO\Driver\ti\driverlib\dl_flashctl.c:1271:6:DL_FlashCTL_readVerify8WithECCGenerated	8	static
D:\Document\EE\MCU\MSPM0\MSPM0-DevKit\GPIO\Driver\ti\driverlib\dl_flashctl.c:1289:6:DL_FlashCTL_readVerify16WithECCGenerated	8	static
D:\Document\EE\MCU\MSPM0\MSPM0-DevKit\GPIO\Driver\ti\driverlib\dl_flashctl.c:1307:6:DL_FlashCTL_readVerify32WithECCGenerated	8	static
D:\Document\EE\MCU\MSPM0\MSPM0-DevKit\GPIO\Driver\ti\driverlib\dl_flashctl.c:1325:6:DL_FlashCTL_readVerify64WithECCGenerated	8	static
D:\Document\EE\MCU\MSPM0\MSPM0-DevKit\GPIO\Driver\ti\driverlib\dl_flashctl.c:1344:6:DL_FlashCTL_readVerify8WithECCManual	12	static
D:\Document\EE\MCU\MSPM0\MSPM0-DevKit\GPIO\Driver\ti\driverlib\dl_flashctl.c:1363:6:DL_FlashCTL_readVerify16WithECCManual	12	static
D:\Document\EE\MCU\MSPM0\MSPM0-DevKit\GPIO\Driver\ti\driverlib\dl_flashctl.c:1382:6:DL_FlashCTL_readVerify32WithECCManual	12	static
D:\Document\EE\MCU\MSPM0\MSPM0-DevKit\GPIO\Driver\ti\driverlib\dl_flashctl.c:1401:6:DL_FlashCTL_readVerify64WithECCManual	12	static
D:\Document\EE\MCU\MSPM0\MSPM0-DevKit\GPIO\Driver\ti\driverlib\dl_flashctl.c:1421:6:DL_FlashCTL_blankVerify	0	static
D:\Document\EE\MCU\MSPM0\MSPM0-DevKit\GPIO\Driver\ti\driverlib\dl_flashctl.c:1435:28:DL_FlashCTL_blankVerifyFromRAM	8	static
D:\Document\EE\MCU\MSPM0\MSPM0-DevKit\GPIO\Driver\ti\driverlib\dl_flashctl.c:1450:6:DL_FlashCTL_eraseDataBank	8	static
D:\Document\EE\MCU\MSPM0\MSPM0-DevKit\GPIO\Driver\ti\driverlib\dl_flashctl.c:122:6:DL_FlashCTL_massErase	16	static
D:\Document\EE\MCU\MSPM0\MSPM0-DevKit\GPIO\Driver\ti\driverlib\dl_flashctl.c:223:6:DL_FlashCTL_factoryReset	8	static
D:\Document\EE\MCU\MSPM0\MSPM0-DevKit\GPIO\Driver\ti\driverlib\dl_flashctl.c:158:6:DL_FlashCTL_massEraseMultiBank	32	static
D:\Document\EE\MCU\MSPM0\MSPM0-DevKit\GPIO\Driver\ti\driverlib\dl_flashctl.c:256:6:DL_FlashCTL_factoryResetMultiBank	8	static
D:\Document\EE\MCU\MSPM0\MSPM0-DevKit\GPIO\Driver\ti\driverlib\dl_flashctl.c:1462:28:DL_FlashCTL_eraseDataBankFromRAM	8	static
D:\Document\EE\MCU\MSPM0\MSPM0-DevKit\GPIO\Driver\ti\driverlib\dl_flashctl.c:139:28:DL_FlashCTL_massEraseFromRAM	16	static
D:\Document\EE\MCU\MSPM0\MSPM0-DevKit\GPIO\Driver\ti\driverlib\dl_flashctl.c:240:28:DL_FlashCTL_factoryResetFromRAM	8	static
