D:\Document\EE\MCU\MSPM0\MSPM0-DevKit\GPIO\Driver\ti\driverlib\dl_spi.c:37:6:DL_SPI_init	12	static
D:\Document\EE\MCU\MSPM0\MSPM0-DevKit\GPIO\Driver\ti\driverlib\dl_spi.c:52:6:DL_SPI_setClockConfig	0	static
D:\Document\EE\MCU\MSPM0\MSPM0-DevKit\GPIO\Driver\ti\driverlib\dl_spi.c:59:6:DL_SPI_getClockConfig	0	static
D:\Document\EE\MCU\MSPM0\MSPM0-DevKit\GPIO\Driver\ti\driverlib\dl_spi.c:66:9:DL_SPI_receiveDataBlocking8	0	static
D:\Document\EE\MCU\MSPM0\MSPM0-DevKit\GPIO\Driver\ti\driverlib\dl_spi.c:74:10:DL_SPI_receiveDataBlocking16	0	static
D:\Document\EE\MCU\MSPM0\MSPM0-DevKit\GPIO\Driver\ti\driverlib\dl_spi.c:81:10:DL_SPI_receiveDataBlocking32	0	static
D:\Document\EE\MCU\MSPM0\MSPM0-DevKit\GPIO\Driver\ti\driverlib\dl_spi.c:88:6:DL_SPI_transmitDataBlocking8	0	static
D:\Document\EE\MCU\MSPM0\MSPM0-DevKit\GPIO\Driver\ti\driverlib\dl_spi.c:95:6:DL_SPI_transmitDataBlocking16	0	static
D:\Document\EE\MCU\MSPM0\MSPM0-DevKit\GPIO\Driver\ti\driverlib\dl_spi.c:102:6:DL_SPI_transmitDataBlocking32	0	static
D:\Document\EE\MCU\MSPM0\MSPM0-DevKit\GPIO\Driver\ti\driverlib\dl_spi.c:109:6:DL_SPI_receiveDataCheck8	0	static
D:\Document\EE\MCU\MSPM0\MSPM0-DevKit\GPIO\Driver\ti\driverlib\dl_spi.c:122:6:DL_SPI_receiveDataCheck16	0	static
D:\Document\EE\MCU\MSPM0\MSPM0-DevKit\GPIO\Driver\ti\driverlib\dl_spi.c:135:6:DL_SPI_receiveDataCheck32	0	static
D:\Document\EE\MCU\MSPM0\MSPM0-DevKit\GPIO\Driver\ti\driverlib\dl_spi.c:148:6:DL_SPI_transmitDataCheck8	0	static
D:\Document\EE\MCU\MSPM0\MSPM0-DevKit\GPIO\Driver\ti\driverlib\dl_spi.c:161:6:DL_SPI_transmitDataCheck16	0	static
D:\Document\EE\MCU\MSPM0\MSPM0-DevKit\GPIO\Driver\ti\driverlib\dl_spi.c:174:6:DL_SPI_transmitDataCheck32	0	static
D:\Document\EE\MCU\MSPM0\MSPM0-DevKit\GPIO\Driver\ti\driverlib\dl_spi.c:187:10:DL_SPI_drainRXFIFO8	8	static
D:\Document\EE\MCU\MSPM0\MSPM0-DevKit\GPIO\Driver\ti\driverlib\dl_spi.c:201:10:DL_SPI_drainRXFIFO16	12	static
D:\Document\EE\MCU\MSPM0\MSPM0-DevKit\GPIO\Driver\ti\driverlib\dl_spi.c:216:10:DL_SPI_drainRXFIFO32	12	static
D:\Document\EE\MCU\MSPM0\MSPM0-DevKit\GPIO\Driver\ti\driverlib\dl_spi.c:231:10:DL_SPI_fillTXFIFO8	12	static
D:\Document\EE\MCU\MSPM0\MSPM0-DevKit\GPIO\Driver\ti\driverlib\dl_spi.c:245:10:DL_SPI_fillTXFIFO16	12	static
D:\Document\EE\MCU\MSPM0\MSPM0-DevKit\GPIO\Driver\ti\driverlib\dl_spi.c:259:6:DL_SPI_saveConfiguration	0	static
D:\Document\EE\MCU\MSPM0\MSPM0-DevKit\GPIO\Driver\ti\driverlib\dl_spi.c:277:6:DL_SPI_restoreConfiguration	12	static
D:\Document\EE\MCU\MSPM0\MSPM0-DevKit\GPIO\Driver\ti\driverlib\dl_spi.c:302:10:DL_SPI_fillTXFIFO32	12	static
