D:\Document\EE\MCU\MSPM0\MSPM0-DevKit\GPIO\Driver\ti\driverlib\dl_timer.c:1091:13:DL_Timer_getInChanConfig	0	static
D:\Document\EE\MCU\MSPM0\MSPM0-DevKit\GPIO\Driver\ti\driverlib\dl_timer.c:1137:13:DL_Timer_getInChanPairConfig	0	static
D:\Document\EE\MCU\MSPM0\MSPM0-DevKit\GPIO\Driver\ti\driverlib\dl_timer.c:54:6:DL_Timer_setClockConfig	0	static
D:\Document\EE\MCU\MSPM0\MSPM0-DevKit\GPIO\Driver\ti\driverlib\dl_timer.c:64:6:DL_Timer_getClockConfig	0	static
D:\Document\EE\MCU\MSPM0\MSPM0-DevKit\GPIO\Driver\ti\driverlib\dl_timer.c:486:6:DL_Timer_setCaptureCompareValue	0	static
D:\Document\EE\MCU\MSPM0\MSPM0-DevKit\GPIO\Driver\ti\driverlib\dl_timer.c:497:10:DL_Timer_getCaptureCompareValue	0	static
D:\Document\EE\MCU\MSPM0\MSPM0-DevKit\GPIO\Driver\ti\driverlib\dl_timer.c:508:6:DL_Timer_setCaptureCompareCtl	8	static
D:\Document\EE\MCU\MSPM0\MSPM0-DevKit\GPIO\Driver\ti\driverlib\dl_timer.c:74:6:DL_Timer_initTimerMode	16	static
D:\Document\EE\MCU\MSPM0\MSPM0-DevKit\GPIO\Driver\ti\driverlib\dl_timer.c:522:10:DL_Timer_getCaptureCompareCtl	0	static
D:\Document\EE\MCU\MSPM0\MSPM0-DevKit\GPIO\Driver\ti\driverlib\dl_timer.c:536:6:DL_Timer_enableSuppressionOfCompEvent	0	static
D:\Document\EE\MCU\MSPM0\MSPM0-DevKit\GPIO\Driver\ti\driverlib\dl_timer.c:547:6:DL_Timer_disableSuppressionOfCompEvent	0	static
D:\Document\EE\MCU\MSPM0\MSPM0-DevKit\GPIO\Driver\ti\driverlib\dl_timer.c:558:6:DL_Timer_setCaptCompUpdateMethod	0	static
D:\Document\EE\MCU\MSPM0\MSPM0-DevKit\GPIO\Driver\ti\driverlib\dl_timer.c:570:27:DL_Timer_getCaptCompUpdateMethod	0	static
D:\Document\EE\MCU\MSPM0\MSPM0-DevKit\GPIO\Driver\ti\driverlib\dl_timer.c:583:6:DL_Timer_setCaptureCompareOutCtl	12	static
D:\Document\EE\MCU\MSPM0\MSPM0-DevKit\GPIO\Driver\ti\driverlib\dl_timer.c:594:10:DL_Timer_getCaptureCompareOutCtl	0	static
D:\Document\EE\MCU\MSPM0\MSPM0-DevKit\GPIO\Driver\ti\driverlib\dl_timer.c:605:6:DL_Timer_setCaptureCompareAction	0	static
D:\Document\EE\MCU\MSPM0\MSPM0-DevKit\GPIO\Driver\ti\driverlib\dl_timer.c:619:10:DL_Timer_getCaptureCompareAction	0	static
D:\Document\EE\MCU\MSPM0\MSPM0-DevKit\GPIO\Driver\ti\driverlib\dl_timer.c:633:6:DL_Timer_overrideCCPOut	8	static
D:\Document\EE\MCU\MSPM0\MSPM0-DevKit\GPIO\Driver\ti\driverlib\dl_timer.c:646:6:DL_Timer_setCaptureCompareInput	8	static
D:\Document\EE\MCU\MSPM0\MSPM0-DevKit\GPIO\Driver\ti\driverlib\dl_timer.c:109:6:DL_Timer_initCaptureMode	32	static
D:\Document\EE\MCU\MSPM0\MSPM0-DevKit\GPIO\Driver\ti\driverlib\dl_timer.c:193:6:DL_Timer_initCaptureTriggerMode	16	static
D:\Document\EE\MCU\MSPM0\MSPM0-DevKit\GPIO\Driver\ti\driverlib\dl_timer.c:256:6:DL_Timer_initCaptureCombinedMode	40	static
D:\Document\EE\MCU\MSPM0\MSPM0-DevKit\GPIO\Driver\ti\driverlib\dl_timer.c:307:6:DL_Timer_initCompareMode	32	static
D:\Document\EE\MCU\MSPM0\MSPM0-DevKit\GPIO\Driver\ti\driverlib\dl_timer.c:364:6:DL_Timer_initCompareTriggerMode	16	static
D:\Document\EE\MCU\MSPM0\MSPM0-DevKit\GPIO\Driver\ti\driverlib\dl_timer.c:423:6:DL_Timer_initPWMMode	24	static
D:\Document\EE\MCU\MSPM0\MSPM0-DevKit\GPIO\Driver\ti\driverlib\dl_timer.c:658:10:DL_Timer_getCaptureCompareInput	0	static
D:\Document\EE\MCU\MSPM0\MSPM0-DevKit\GPIO\Driver\ti\driverlib\dl_timer.c:669:6:DL_Timer_setCaptureCompareInputFilter	8	static
D:\Document\EE\MCU\MSPM0\MSPM0-DevKit\GPIO\Driver\ti\driverlib\dl_timer.c:681:10:DL_Timer_getCaptureCompareInputFilter	0	static
D:\Document\EE\MCU\MSPM0\MSPM0-DevKit\GPIO\Driver\ti\driverlib\dl_timer.c:692:6:DL_Timer_enableCaptureCompareInputFilter	0	static
D:\Document\EE\MCU\MSPM0\MSPM0-DevKit\GPIO\Driver\ti\driverlib\dl_timer.c:703:6:DL_Timer_disableCaptureCompareInputFilter	0	static
D:\Document\EE\MCU\MSPM0\MSPM0-DevKit\GPIO\Driver\ti\driverlib\dl_timer.c:714:6:DL_Timer_isCaptureCompareInputFilterEnabled	0	static
D:\Document\EE\MCU\MSPM0\MSPM0-DevKit\GPIO\Driver\ti\driverlib\dl_timer.c:725:6:DL_Timer_saveConfiguration	0	static
D:\Document\EE\MCU\MSPM0\MSPM0-DevKit\GPIO\Driver\ti\driverlib\dl_timer.c:776:6:DL_Timer_restoreConfiguration	24	static
D:\Document\EE\MCU\MSPM0\MSPM0-DevKit\GPIO\Driver\ti\driverlib\dl_timer.c:1159:6:DL_Timer_configQEIHallInputMode	0	static
